// Vitest Snapshot v1, https://vitest.dev/guide/snapshot.html

exports[`App > 页面能够渲染 1`] = `"<button class="px-4 py-2 text-sm font-medium transition-all duration-200 cursor-pointer rounded-md bg-white text-blue-700 shadow-sm border border-blue-200">工作流编排 Studio</button>"`;
